{
  "status": "INDEPENDENT_RAW_DATA_AND_SCALAR_RECHECK_COMPLETE",
  "cleaned_numeric_checks": 1785,
  "raw1_data_rows": 241,
  "raw2_data_rows": 145,
  "mass_and_energy_references": [
    {
      "question": "Q1",
      "initial_rho_kg_m3": 820.0,
      "initial_cp_J_kgK": 2600.0,
      "V0_m3": 0.0003141592653589793,
      "initial_wet_mass_reference_kg": 0.25761059759436306,
      "initial_dry_mass_calibration_kg": 0.07256636551953889,
      "initial_water_mass_kg": 0.18504423207482415,
      "removed_water_lower_bound_if_everywhere_C_le_0p15_kg": 0.17415927724689334,
      "Lv_audit_assumption_J_kg": 2400000.0,
      "latent_energy_lower_reference_J": 417982.26539254404,
      "constant_initial_capacity_sensible_reference_J": 14735.326182397568,
      "latent_to_constant_capacity_sensible_ratio": 28.366000196986114,
      "energy_not_measured_not_total_consumption_forecast": true
    },
    {
      "question": "Q23",
      "initial_rho_kg_m3": 976.4,
      "initial_cp_J_kgK": 3415.295774647887,
      "V0_m3": 0.0003141592653589793,
      "initial_wet_mass_reference_kg": 0.3067451066965074,
      "initial_dry_mass_calibration_kg": 0.08640707230887533,
      "initial_water_mass_kg": 0.22033803438763208,
      "removed_water_lower_bound_if_everywhere_C_le_0p15_kg": 0.20737697354130077,
      "Lv_audit_assumption_J_kg": 2400000.0,
      "latent_energy_lower_reference_J": 497704.7364991219,
      "constant_initial_capacity_sensible_reference_J": 23047.75586947893,
      "latent_to_constant_capacity_sensible_ratio": 21.59449880143034,
      "energy_not_measured_not_total_consumption_forecast": true
    },
    {
      "question": "Q4",
      "initial_rho_kg_m3": 989.5,
      "initial_cp_J_kgK": 3394.366197183099,
      "V0_m3": 0.0003141592653589793,
      "initial_wet_mass_reference_kg": 0.31086059307271,
      "initial_dry_mass_calibration_kg": 0.08756636424583382,
      "initial_water_mass_kg": 0.22329422882687622,
      "removed_water_lower_bound_if_everywhere_C_le_0p15_kg": 0.21015927419000116,
      "Lv_audit_assumption_J_kg": 2400000.0,
      "latent_energy_lower_reference_J": 504382.2580560028,
      "constant_initial_capacity_sensible_reference_J": 23213.843161570545,
      "latent_to_constant_capacity_sensible_ratio": 21.72764994341758,
      "energy_not_measured_not_total_consumption_forecast": true
    }
  ],
  "scalar_states": [
    {
      "label": "initial",
      "scope": "initial empirical coefficient",
      "question": "Q1",
      "C_kgwater_per_kgdry": 2.55,
      "T_K": 301.15,
      "R_m": 0.02,
      "reference_time_s": 1800,
      "rho_kg_m3": 820.0,
      "cp_J_kgK": 2600.0,
      "k_W_mK": 0.36,
      "B_J_m3K": 2132000.0,
      "D_m2_s": 4.937655094173937e-09,
      "alpha_m2_s": 1.6885553470919323e-07,
      "Bi_heat_radius": 1.3888888888888888,
      "Bi_mass_radius": 3.2404045432170427,
      "alpha_over_D_effective_Le": 34.1975151136883,
      "Fo_heat_frozen_coefficient": 0.7598499061913695,
      "Fo_mass_frozen_coefficient": 0.022219447923782717,
      "tau_heat_radial_s": 2368.888888888889,
      "tau_mass_radial_s": 81010.11358042607,
      "tau_heat_radial_h": 0.6580246913580248,
      "tau_mass_radial_h": 22.50280932789613,
      "tau_heat_surface_lumped_s": 852.8,
      "tau_mass_surface_lumped_s": 12500.0
    },
    {
      "label": "threshold_reference",
      "scope": "C=.15 and T=50C illustrative state, not a uniform solved field",
      "question": "Q1",
      "C_kgwater_per_kgdry": 0.15,
      "T_K": 323.15,
      "R_m": 0.02,
      "reference_time_s": 1800,
      "rho_kg_m3": 820.0,
      "cp_J_kgK": 2600.0,
      "k_W_mK": 0.36,
      "B_J_m3K": 2132000.0,
      "D_m2_s": 1.8547445945663438e-11,
      "alpha_m2_s": 1.6885553470919323e-07,
      "Bi_heat_radius": 1.3888888888888888,
      "Bi_mass_radius": 862.6524669150442,
      "alpha_over_D_effective_Le": 9103.977723071526,
      "Fo_heat_frozen_coefficient": 0.7598499061913695,
      "Fo_mass_frozen_coefficient": 8.346350675548547e-05,
      "tau_heat_radial_s": 2368.888888888889,
      "tau_mass_radial_s": 21566311.672876105,
      "tau_heat_radial_h": 0.6580246913580248,
      "tau_mass_radial_h": 5990.642131354473,
      "tau_heat_surface_lumped_s": 852.8,
      "tau_mass_surface_lumped_s": 12500.0
    },
    {
      "label": "initial",
      "scope": "initial empirical coefficient",
      "question": "Q23",
      "C_kgwater_per_kgdry": 2.55,
      "T_K": 301.15,
      "R_m": 0.02,
      "reference_time_s": 206900.64,
      "rho_kg_m3": 976.4,
      "cp_J_kgK": 3415.295774647887,
      "k_W_mK": 0.48295774647887324,
      "B_J_m3K": 3334694.7943661967,
      "D_m2_s": 5.641680373025664e-09,
      "alpha_m2_s": 1.448281705704542e-07,
      "Bi_heat_radius": 1.0352872557596966,
      "Bi_mass_radius": 2.8360344688260164,
      "alpha_over_D_effective_Le": 25.67110523717636,
      "Fo_heat_frozen_coefficient": 74.91260295264034,
      "Fo_mass_frozen_coefficient": 2.9181681996361215,
      "tau_heat_radial_s": 2761.8936179644206,
      "tau_mass_radial_s": 70900.8617206504,
      "tau_heat_radial_h": 0.7671926716567835,
      "tau_mass_radial_h": 19.694683811291778,
      "tau_heat_surface_lumped_s": 1333.8779177464787,
      "tau_mass_surface_lumped_s": 12500.0
    },
    {
      "label": "threshold_reference",
      "scope": "C=.15 and T=50C illustrative state, not a uniform solved field",
      "question": "Q23",
      "C_kgwater_per_kgdry": 0.15,
      "T_K": 323.15,
      "R_m": 0.02,
      "reference_time_s": 206900.64,
      "rho_kg_m3": 669.2,
      "cp_J_kgK": 1806.8695652173913,
      "k_W_mK": 0.25956521739130434,
      "B_J_m3K": 1209157.1130434782,
      "D_m2_s": 8.001208146652626e-10,
      "alpha_m2_s": 2.1466624526400237e-07,
      "Bi_heat_radius": 1.9262981574539364,
      "Bi_mass_radius": 19.99698008943029,
      "alpha_over_D_effective_Le": 268.2922895260634,
      "Fo_heat_frozen_coefficient": 111.03645882879766,
      "Fo_mass_frozen_coefficient": 0.4138637715789106,
      "tau_heat_radial_s": 1863.3576951423786,
      "tau_mass_radial_s": 499924.5022357573,
      "tau_heat_radial_h": 0.5175993597617718,
      "tau_mass_radial_h": 138.86791728771036,
      "tau_heat_surface_lumped_s": 483.6628452173913,
      "tau_mass_surface_lumped_s": 12500.0
    },
    {
      "label": "production_end_surface_reference",
      "scope": "saved production state used only as scalar reference, not raw observation",
      "question": "Q23",
      "C_kgwater_per_kgdry": 0.05265944808510597,
      "T_K": 323.15,
      "R_m": 0.02,
      "reference_time_s": 206900.64,
      "rho_kg_m3": 656.7404093548936,
      "cp_J_kgK": 1586.8688137677757,
      "k_W_mK": 0.22900955746774662,
      "B_J_m3K": 1042160.8743463634,
      "D_m2_s": 3.124541898624993e-12,
      "alpha_m2_s": 2.1974491952730423e-07,
      "Bi_heat_radius": 2.183314991429645,
      "Bi_mass_radius": 5120.750663334382,
      "alpha_over_D_effective_Le": 70328.68390211271,
      "Fo_heat_frozen_coefficient": 113.66341121736936,
      "Fo_mass_frozen_coefficient": 0.0016161742963308155,
      "tau_heat_radial_s": 1820.2923683534734,
      "tau_mass_radial_s": 128018766.58335954,
      "tau_heat_radial_h": 0.505636768987076,
      "tau_mass_radial_h": 35560.76849537765,
      "tau_heat_surface_lumped_s": 416.86434973854534,
      "tau_mass_surface_lumped_s": 12500.0
    },
    {
      "label": "initial",
      "scope": "initial empirical coefficient",
      "question": "Q4",
      "C_kgwater_per_kgdry": 2.55,
      "T_K": 301.15,
      "R_m": 0.02,
      "reference_time_s": 183926.16,
      "rho_kg_m3": 989.5,
      "cp_J_kgK": 3394.366197183099,
      "k_W_mK": 0.26366197183098594,
      "B_J_m3K": 3358725.3521126765,
      "D_m2_s": 1.047112298949363e-09,
      "alpha_m2_s": 7.850060489915901e-08,
      "Bi_heat_radius": 1.896367521367521,
      "Bi_mass_radius": 15.280118489730146,
      "alpha_over_D_effective_Le": 74.96865902341503,
      "Fo_heat_frozen_coefficient": 36.09578704194876,
      "Fo_mass_frozen_coefficient": 0.48147836058632093,
      "tau_heat_radial_s": 5095.502136752137,
      "tau_mass_radial_s": 382002.96224325366,
      "tau_heat_radial_h": 1.4154172602089268,
      "tau_mass_radial_h": 106.11193395645935,
      "tau_heat_surface_lumped_s": 1343.4901408450708,
      "tau_mass_surface_lumped_s": 12500.0
    },
    {
      "label": "threshold_reference",
      "scope": "C=.15 and T=50C illustrative state, not a uniform solved field",
      "question": "Q4",
      "C_kgwater_per_kgdry": 0.15,
      "T_K": 323.15,
      "R_m": 0.012,
      "reference_time_s": 183926.16,
      "rho_kg_m3": 773.5,
      "cp_J_kgK": 2130.4347826086955,
      "k_W_mK": 0.14608695652173914,
      "B_J_m3K": 1647891.304347826,
      "D_m2_s": 3.806169274383754e-10,
      "alpha_m2_s": 8.865084495336598e-08,
      "Bi_heat_radius": 2.0535714285714284,
      "Bi_mass_radius": 25.222209807140825,
      "alpha_over_D_effective_Le": 232.9135636452196,
      "Fo_heat_frozen_coefficient": 113.23062147936099,
      "Fo_mass_frozen_coefficient": 0.4861486798245765,
      "tau_heat_radial_s": 1624.3499999999997,
      "tau_mass_radial_s": 378333.1471071124,
      "tau_heat_radial_h": 0.45120833333333327,
      "tau_mass_radial_h": 105.09254086308678,
      "tau_heat_surface_lumped_s": 395.49391304347824,
      "tau_mass_surface_lumped_s": 7500.000000000001
    },
    {
      "label": "production_end_surface_reference",
      "scope": "saved production state used only as scalar reference, not raw observation",
      "question": "Q4",
      "C_kgwater_per_kgdry": 0.052619969707294635,
      "T_K": 323.15,
      "R_m": 0.012,
      "reference_time_s": 183926.16,
      "rho_kg_m3": 764.7357972736565,
      "cp_J_kgK": 1957.4774734723517,
      "k_W_mK": 0.12999790450905596,
      "B_J_m3K": 1496953.0963211018,
      "D_m2_s": 9.398366254447745e-12,
      "alpha_m2_s": 8.684166847213692e-08,
      "Bi_heat_radius": 2.307729506356014,
      "Bi_mass_radius": 1021.4541272486409,
      "alpha_over_D_effective_Le": 9240.081320627338,
      "Fo_heat_frozen_coefficient": 110.91982368106396,
      "Fo_mass_frozen_coefficient": 0.012004204273987198,
      "tau_heat_radial_s": 1658.1901584053776,
      "tau_mass_radial_s": 15321811.908729615,
      "tau_heat_radial_h": 0.4606083773348271,
      "tau_mass_radial_h": 4256.058863536004,
      "tau_heat_surface_lumped_s": 359.26874311706445,
      "tau_mass_surface_lumped_s": 7500.000000000001
    },
    {
      "label": "3h_initial_frozen_coefficient_reference",
      "scope": "illustrative Fourier numbers for Q2 three-hour table, not a solved field",
      "question": "Q23",
      "C_kgwater_per_kgdry": 2.55,
      "T_K": 301.15,
      "R_m": 0.02,
      "reference_time_s": 10800,
      "rho_kg_m3": 976.4,
      "cp_J_kgK": 3415.295774647887,
      "k_W_mK": 0.48295774647887324,
      "B_J_m3K": 3334694.7943661967,
      "D_m2_s": 5.641680373025664e-09,
      "alpha_m2_s": 1.448281705704542e-07,
      "Bi_heat_radius": 1.0352872557596966,
      "Bi_mass_radius": 2.8360344688260164,
      "alpha_over_D_effective_Le": 25.67110523717636,
      "Fo_heat_frozen_coefficient": 3.9103606054022633,
      "Fo_mass_frozen_coefficient": 0.15232537007169292,
      "tau_heat_radial_s": 2761.8936179644206,
      "tau_mass_radial_s": 70900.8617206504,
      "tau_heat_radial_h": 0.7671926716567835,
      "tau_mass_radial_h": 19.694683811291778,
      "tau_heat_surface_lumped_s": 1333.8779177464787,
      "tau_mass_surface_lumped_s": 12500.0
    }
  ],
  "geometry": {
    "L0_m": 0.25,
    "R0_m": 0.02,
    "V0_m3": 0.0003141592653589793,
    "side_area_m2": 0.031415926535897934,
    "two_end_area_m2": 0.0025132741228718345,
    "end_to_side_area_ratio": 0.08,
    "lumped_side_characteristic_length_m": 0.01,
    "lumped_full_cylinder_V_over_A_m": 0.009259259259259259,
    "R72_m": 0.01198,
    "R72_over_R0": 0.599,
    "volume72_over_volume0_fixed_L": 0.358801,
    "diffusion_prefactor72_over_initial": 2.787060236732897,
    "boundary_beta_over_R_prefactor72_over_initial": 1.6694490818030052,
    "production_Q4_Rend_m": 0.012,
    "production_Q4_diffusion_prefactor_over_initial": 2.777777777777778,
    "production_Q4_conserved_dry_density_kg_m3": 774.2566510172145,
    "production_Q4_max_drymass_fraction_if_literal_rho": 0.9815866599292571,
    "literal_wet_rho_d0_kg_m3": 278.7323943661972,
    "literal_wet_rho_d_upper_bound_for_C_ge_0": 760.0,
    "R_necessary_min_m_for_fixed_L_conserved_Md": 0.012112029565383969,
    "first_observed_below_necessary_min_t_s": 70200,
    "linearly_interpolated_crossing_h": 19.398521730801594,
    "interpolation_is_assumption": true,
    "max_remaining_drymass_fraction_at_72h": 0.9783174310257706,
    "necessary_L72_over_L0_min_for_literal_rho": 1.022163122404448
  },
  "coverage": {
    "Q23": {
      "reported_total_h": 57.4724,
      "observed_environment_h": 4.0,
      "extension_h": 53.4724,
      "fraction_environment_unobserved": 0.9304013752688247,
      "nominal_extension_not_new_observations": true,
      "radius_observed_through_h": 72.0,
      "radius_extrapolation_required": false
    },
    "Q4": {
      "reported_total_h": 51.0906,
      "observed_environment_h": 4.0,
      "extension_h": 47.0906,
      "fraction_environment_unobserved": 0.9217077113989658,
      "nominal_extension_not_new_observations": true,
      "radius_observed_through_h": 72.0,
      "radius_extrapolation_required": false
    }
  }
}
