Collecting matplotlib
  Downloading matplotlib-3.11.2-cp314-cp314-win_amd64.whl.metadata (80 kB)
Collecting numpy==2.5.2 (from -r paper_output/qa/comment_sandbox_20260913/candidate/03_程序代码/requirements.txt (line 1))
  Using cached numpy-2.5.2-cp314-cp314-win_amd64.whl.metadata (6.6 kB)
Collecting scipy==1.18.1 (from -r paper_output/qa/comment_sandbox_20260913/candidate/03_程序代码/requirements.txt (line 2))
  Using cached scipy-1.18.1-cp314-cp314-win_amd64.whl.metadata (61 kB)
Collecting openpyxl==3.1.5 (from -r paper_output/qa/comment_sandbox_20260913/candidate/03_程序代码/requirements.txt (line 3))
  Using cached openpyxl-3.1.5-py2.py3-none-any.whl.metadata (2.5 kB)
Collecting et-xmlfile (from openpyxl==3.1.5->-r paper_output/qa/comment_sandbox_20260913/candidate/03_程序代码/requirements.txt (line 3))
  Using cached et_xmlfile-2.0.0-py3-none-any.whl.metadata (2.7 kB)
Collecting contourpy>=1.0.1 (from matplotlib)
  Downloading contourpy-1.4.0-cp314-cp314-win_amd64.whl.metadata (3.8 kB)
Collecting cycler>=0.10 (from matplotlib)
  Using cached cycler-0.12.1-py3-none-any.whl.metadata (3.8 kB)
Collecting fonttools>=4.28.2 (from matplotlib)
  Downloading fonttools-4.65.0-cp314-cp314-win_amd64.whl.metadata (127 kB)
Collecting kiwisolver>=1.3.1 (from matplotlib)
  Using cached kiwisolver-1.5.1-cp314-cp314-win_amd64.whl.metadata (5.2 kB)
Collecting packaging>=20.0 (from matplotlib)
  Using cached packaging-26.3-py3-none-any.whl.metadata (3.5 kB)
Collecting pillow>=9 (from matplotlib)
  Using cached pillow-12.3.0-cp314-cp314-win_amd64.whl.metadata (9.3 kB)
Collecting pyparsing>=3 (from matplotlib)
  Using cached pyparsing-3.3.2-py3-none-any.whl.metadata (5.8 kB)
Collecting python-dateutil>=2.7 (from matplotlib)
  Using cached python_dateutil-2.9.0.post0-py2.py3-none-any.whl.metadata (8.4 kB)
Collecting six>=1.5 (from python-dateutil>=2.7->matplotlib)
  Using cached six-1.17.0-py2.py3-none-any.whl.metadata (1.7 kB)
Using cached numpy-2.5.2-cp314-cp314-win_amd64.whl (12.6 MB)
Downloading scipy-1.18.1-cp314-cp314-win_amd64.whl (37.4 MB)
   ---------------------------------------- 37.4/37.4 MB 1.3 MB/s  0:00:28
Using cached openpyxl-3.1.5-py2.py3-none-any.whl (250 kB)
Downloading matplotlib-3.11.2-cp314-cp314-win_amd64.whl (9.5 MB)
   ---------------------------------------- 9.5/9.5 MB 2.4 MB/s  0:00:03
Downloading contourpy-1.4.0-cp314-cp314-win_amd64.whl (240 kB)
Using cached cycler-0.12.1-py3-none-any.whl (8.3 kB)
Downloading fonttools-4.65.0-cp314-cp314-win_amd64.whl (2.5 MB)
   ---------------------------------------- 2.5/2.5 MB 2.1 MB/s  0:00:01
Using cached kiwisolver-1.5.1-cp314-cp314-win_amd64.whl (72 kB)
Using cached packaging-26.3-py3-none-any.whl (129 kB)
Using cached pillow-12.3.0-cp314-cp314-win_amd64.whl (7.2 MB)
Using cached pyparsing-3.3.2-py3-none-any.whl (122 kB)
Using cached python_dateutil-2.9.0.post0-py2.py3-none-any.whl (229 kB)
Using cached six-1.17.0-py2.py3-none-any.whl (11 kB)
Using cached et_xmlfile-2.0.0-py3-none-any.whl (18 kB)
Installing collected packages: six, pyparsing, pillow, packaging, numpy, kiwisolver, fonttools, et-xmlfile, cycler, scipy, python-dateutil, openpyxl, contourpy, matplotlib

Successfully installed contourpy-1.4.0 cycler-0.12.1 et-xmlfile-2.0.0 fonttools-4.65.0 kiwisolver-1.5.1 matplotlib-3.11.2 numpy-2.5.2 openpyxl-3.1.5 packaging-26.3 pillow-12.3.0 pyparsing-3.3.2 python-dateutil-2.9.0.post0 scipy-1.18.1 six-1.17.0
