tiny-process
tiny-process
SOLVE Q1 N=2 UTC=2026-09-13T01:27:21.835155+00:00
{"question": "Q1", "max_mass_balance_abs_kg_per_kg": 0.0}
EXPORT Q1
PLOT Q1
{"question": "Q1", "export_size": {}, "validation": "PASS"}
RELEASED Q1
SOLVE Q23 N=2 UTC=2026-09-13T01:27:21.900928+00:00
{"question": "Q23", "max_mass_balance_abs_kg_per_kg": 0.0}
EXPORT Q2
PLOT Q2
{"question": "Q2", "export_size": {}, "validation": "PASS"}
EXPORT Q3
PLOT Q3
{"question": "Q3", "export_size": {}, "validation": "PASS"}
RELEASED Q23
SOLVE Q4 N=2 UTC=2026-09-13T01:27:21.957700+00:00
{"question": "Q4", "max_mass_balance_abs_kg_per_kg": 0.0}
EXPORT Q4
PLOT Q4
{"question": "Q4", "export_size": {}, "validation": "PASS"}
RELEASED Q4
ALL_SOLVES_AND_REQUESTED_VALIDATIONS_COMPLETED
SOLVE Q1 N=2 UTC=2026-09-13T01:27:22.199223+00:00
{"question": "Q1", "max_mass_balance_abs_kg_per_kg": 0.0}
EXPORT Q1
PLOT Q1
{"question": "Q1", "export_size": {}, "validation": "PASS"}
RELEASED Q1
SOLVE Q23 N=2 UTC=2026-09-13T01:27:22.228842+00:00
{"question": "Q23", "max_mass_balance_abs_kg_per_kg": 0.0}
EXPORT Q2
PLOT Q2
{"question": "Q2", "export_size": {}, "validation": "PASS"}
EXPORT Q3
RELEASED Q23
{"status": "PASS", "checks": 10, "report": "D:\\Document\\\u6570\u5b66\u5efa\u6a21\\2026CUMCM\\paper_output\\qa\\comment_sandbox_20260913\\verification_work\\path_adapted\\notes\\A-modeling\\2026-09-10\\data\\production_entry_contract_selfcheck\\check-aa88yjv0\\selfcheck.json"}
