Collecting numpy==2.5.2 (from -r ./支撑材料/05_数值检验与实验/Python检验源码/requirements.txt (line 1))
  Downloading numpy-2.5.2-cp314-cp314-win_amd64.whl.metadata (6.6 kB)
Collecting scipy==1.18.1 (from -r ./支撑材料/05_数值检验与实验/Python检验源码/requirements.txt (line 2))
  Downloading scipy-1.18.1-cp314-cp314-win_amd64.whl.metadata (61 kB)
Collecting openpyxl==3.1.5 (from -r ./支撑材料/05_数值检验与实验/Python检验源码/requirements.txt (line 3))
  Downloading openpyxl-3.1.5-py2.py3-none-any.whl.metadata (2.5 kB)
Collecting matplotlib==3.11.2 (from -r ./支撑材料/05_数值检验与实验/Python检验源码/requirements.txt (line 4))
  Downloading matplotlib-3.11.2-cp314-cp314-win_amd64.whl.metadata (80 kB)
Collecting et-xmlfile (from openpyxl==3.1.5->-r ./支撑材料/05_数值检验与实验/Python检验源码/requirements.txt (line 3))
  Downloading et_xmlfile-2.0.0-py3-none-any.whl.metadata (2.7 kB)
Collecting contourpy>=1.0.1 (from matplotlib==3.11.2->-r ./支撑材料/05_数值检验与实验/Python检验源码/requirements.txt (line 4))
  Downloading contourpy-1.4.0-cp314-cp314-win_amd64.whl.metadata (3.8 kB)
Collecting cycler>=0.10 (from matplotlib==3.11.2->-r ./支撑材料/05_数值检验与实验/Python检验源码/requirements.txt (line 4))
  Downloading cycler-0.12.1-py3-none-any.whl.metadata (3.8 kB)
Collecting fonttools>=4.28.2 (from matplotlib==3.11.2->-r ./支撑材料/05_数值检验与实验/Python检验源码/requirements.txt (line 4))
  Downloading fonttools-4.65.0-cp314-cp314-win_amd64.whl.metadata (127 kB)
Collecting kiwisolver>=1.3.1 (from matplotlib==3.11.2->-r ./支撑材料/05_数值检验与实验/Python检验源码/requirements.txt (line 4))
  Downloading kiwisolver-1.5.1-cp314-cp314-win_amd64.whl.metadata (5.2 kB)
Collecting packaging>=20.0 (from matplotlib==3.11.2->-r ./支撑材料/05_数值检验与实验/Python检验源码/requirements.txt (line 4))
  Downloading packaging-26.3-py3-none-any.whl.metadata (3.5 kB)
Collecting pillow>=9 (from matplotlib==3.11.2->-r ./支撑材料/05_数值检验与实验/Python检验源码/requirements.txt (line 4))
  Downloading pillow-12.3.0-cp314-cp314-win_amd64.whl.metadata (9.3 kB)
Collecting pyparsing>=3 (from matplotlib==3.11.2->-r ./支撑材料/05_数值检验与实验/Python检验源码/requirements.txt (line 4))
  Downloading pyparsing-3.3.2-py3-none-any.whl.metadata (5.8 kB)
Collecting python-dateutil>=2.7 (from matplotlib==3.11.2->-r ./支撑材料/05_数值检验与实验/Python检验源码/requirements.txt (line 4))
  Downloading python_dateutil-2.9.0.post0-py2.py3-none-any.whl.metadata (8.4 kB)
Collecting six>=1.5 (from python-dateutil>=2.7->matplotlib==3.11.2->-r ./支撑材料/05_数值检验与实验/Python检验源码/requirements.txt (line 4))
  Downloading six-1.17.0-py2.py3-none-any.whl.metadata (1.7 kB)
Downloading numpy-2.5.2-cp314-cp314-win_amd64.whl (12.6 MB)
   ---------------------------------------- 12.6/12.6 MB 5.1 MB/s  0:00:02
Downloading scipy-1.18.1-cp314-cp314-win_amd64.whl (37.4 MB)
   ---------------------------------------- 37.4/37.4 MB 3.9 MB/s  0:00:09
Downloading openpyxl-3.1.5-py2.py3-none-any.whl (250 kB)
Downloading matplotlib-3.11.2-cp314-cp314-win_amd64.whl (9.5 MB)
   ---------------------------------------- 9.5/9.5 MB 4.6 MB/s  0:00:02
Downloading contourpy-1.4.0-cp314-cp314-win_amd64.whl (240 kB)
Downloading cycler-0.12.1-py3-none-any.whl (8.3 kB)
Downloading fonttools-4.65.0-cp314-cp314-win_amd64.whl (2.5 MB)
   ---------------------------------------- 2.5/2.5 MB 3.1 MB/s  0:00:00
Downloading kiwisolver-1.5.1-cp314-cp314-win_amd64.whl (72 kB)
Downloading packaging-26.3-py3-none-any.whl (129 kB)
Downloading pillow-12.3.0-cp314-cp314-win_amd64.whl (7.2 MB)
   ---------------------------------------- 7.2/7.2 MB 1.9 MB/s  0:00:03
Downloading pyparsing-3.3.2-py3-none-any.whl (122 kB)
Downloading python_dateutil-2.9.0.post0-py2.py3-none-any.whl (229 kB)
Downloading six-1.17.0-py2.py3-none-any.whl (11 kB)
Downloading et_xmlfile-2.0.0-py3-none-any.whl (18 kB)
Installing collected packages: six, pyparsing, pillow, packaging, numpy, kiwisolver, fonttools, et-xmlfile, cycler, scipy, python-dateutil, openpyxl, contourpy, matplotlib

Successfully installed contourpy-1.4.0 cycler-0.12.1 et-xmlfile-2.0.0 fonttools-4.65.0 kiwisolver-1.5.1 matplotlib-3.11.2 numpy-2.5.2 openpyxl-3.1.5 packaging-26.3 pillow-12.3.0 pyparsing-3.3.2 python-dateutil-2.9.0.post0 scipy-1.18.1 six-1.17.0
