Traceback (most recent call last):
  File "D:\Document\数学建模\2026CUMCM\tmp\cache\portability_20260912\clean_venv\layout_diagnostic\paper_output\code\review_delivery\runDelivery.py", line 253, in main
    result["frozenBaselineVerification"] = verifyFrozenBaseline()
                                           ~~~~~~~~~~~~~~~~~~~~^^
  File "D:\Document\数学建模\2026CUMCM\tmp\cache\portability_20260912\clean_venv\layout_diagnostic\paper_output\code\review_delivery\runDelivery.py", line 111, in verifyFrozenBaseline
    manifest = json.loads(manifestPath.read_text(encoding="utf-8-sig"))
                          ~~~~~~~~~~~~~~~~~~~~~~^^^^^^^^^^^^^^^^^^^^^^
  File "C:\Python314\Lib\pathlib\__init__.py", line 787, in read_text
    with self.open(mode='r', encoding=encoding, errors=errors, newline=newline) as f:
         ~~~~~~~~~^^^^^^^^^^^^^^^^^^^^^^^^^^^^^^^^^^^^^^^^^^^^^^^^^^^^^^^^^^^^^
  File "C:\Python314\Lib\pathlib\__init__.py", line 771, in open
    return io.open(self, mode, buffering, encoding, errors, newline)
           ~~~~~~~^^^^^^^^^^^^^^^^^^^^^^^^^^^^^^^^^^^^^^^^^^^^^^^^^^
FileNotFoundError: [Errno 2] No such file or directory: 'D:\\Document\\数学建模\\2026CUMCM\\tmp\\cache\\portability_20260912\\clean_venv\\layout_diagnostic\\paper_output\\results\\production\\final_v6a\\run_manifest.json'
Traceback (most recent call last):
  File "D:\Document\数学建模\2026CUMCM\tmp\cache\portability_20260912\clean_venv\layout_diagnostic\paper_output\code\review_delivery\runDelivery.py", line 281, in <module>
    main()
    ~~~~^^
  File "D:\Document\数学建模\2026CUMCM\tmp\cache\portability_20260912\clean_venv\layout_diagnostic\paper_output\code\review_delivery\runDelivery.py", line 253, in main
    result["frozenBaselineVerification"] = verifyFrozenBaseline()
                                           ~~~~~~~~~~~~~~~~~~~~^^
  File "D:\Document\数学建模\2026CUMCM\tmp\cache\portability_20260912\clean_venv\layout_diagnostic\paper_output\code\review_delivery\runDelivery.py", line 111, in verifyFrozenBaseline
    manifest = json.loads(manifestPath.read_text(encoding="utf-8-sig"))
                          ~~~~~~~~~~~~~~~~~~~~~~^^^^^^^^^^^^^^^^^^^^^^
  File "C:\Python314\Lib\pathlib\__init__.py", line 787, in read_text
    with self.open(mode='r', encoding=encoding, errors=errors, newline=newline) as f:
         ~~~~~~~~~^^^^^^^^^^^^^^^^^^^^^^^^^^^^^^^^^^^^^^^^^^^^^^^^^^^^^^^^^^^^^
  File "C:\Python314\Lib\pathlib\__init__.py", line 771, in open
    return io.open(self, mode, buffering, encoding, errors, newline)
           ~~~~~~~^^^^^^^^^^^^^^^^^^^^^^^^^^^^^^^^^^^^^^^^^^^^^^^^^^
FileNotFoundError: [Errno 2] No such file or directory: 'D:\\Document\\数学建模\\2026CUMCM\\tmp\\cache\\portability_20260912\\clean_venv\\layout_diagnostic\\paper_output\\results\\production\\final_v6a\\run_manifest.json'
