Traceback (most recent call last):
  File "C:\Python314\Lib\importlib\metadata\__init__.py", line 407, in from_name
    return next(iter(cls.discover(name=name)))
StopIteration

During handling of the above exception, another exception occurred:

Traceback (most recent call last):
  File "D:\Document\数学建模\2026CUMCM\tmp\cache\portability_20260912\installed_environment\layout_diagnostic\paper_output\code\review_delivery\runDelivery.py", line 281, in <module>
    main()
    ~~~~^^
  File "D:\Document\数学建模\2026CUMCM\tmp\cache\portability_20260912\installed_environment\layout_diagnostic\paper_output\code\review_delivery\runDelivery.py", line 241, in main
    "libraries": {name: importlib.metadata.version(name) for name in ["numpy", "scipy", "openpyxl"]},
                        ~~~~~~~~~~~~~~~~~~~~~~~~~~^^^^^^
  File "C:\Python314\Lib\importlib\metadata\__init__.py", line 987, in version
    return distribution(distribution_name).version
           ~~~~~~~~~~~~^^^^^^^^^^^^^^^^^^^
  File "C:\Python314\Lib\importlib\metadata\__init__.py", line 960, in distribution
    return Distribution.from_name(distribution_name)
           ~~~~~~~~~~~~~~~~~~~~~~^^^^^^^^^^^^^^^^^^^
  File "C:\Python314\Lib\importlib\metadata\__init__.py", line 409, in from_name
    raise PackageNotFoundError(name)
importlib.metadata.PackageNotFoundError: No package metadata was found for numpy
