WORKER_PID=32364
SOLVE Q1 N=3200 UTC=2026-09-10T16:20:51.635398+00:00
{"question": "Q1", "event_s": null, "event_h": null, "end_s": 1800.0, "elapsed_s": 5.367319200002385, "end_time_convention": "ceil(critical_event_s)+1: conservative post-crossing verification second; not claimed earliest integer second", "max_mass_balance_abs_kg_per_kg": 5.773159728050814e-15, "min_C": 1.510234685362519, "max_C": 2.550000000000001, "min_T_K": 301.15, "max_T_K": 309.9355602874471, "min_D": 3.882960068132186e-09, "max_D": 4.937655094173939e-09, "positive_properties": true, "max_radial_C_increase": 3.552713678800501e-15, "final_max_C": 2.549992403819304, "final_surface_C": 1.5102346853625193, "strictly_dry_at_end": false, "radius_end_m": 0.02, "radius_extrapolation_used": false, "rhs_evaluations": 3914, "accepted_time_points": 1743, "nfev": 3914, "njev": 68, "nlu": 431, "solver_success": true, "dense_storage": "disk", "dense_coefficient_bytes": 463474752, "dense_polynomial_count": 1742}
EXPORT Q1
PLOT Q1
{"question": "Q1", "export_size": {"workbook_bytes": 390899, "workbook_MiB": 0.3727903366088867, "unrounded_archive_bytes": 578239, "warning_limit_bytes": 20000000, "workbook_exceeds_20_decimal_MB": false, "archive_is_internal_not_automatically_in_submission_zip": true, "complete_support_archive_still_requires_actual_size_check": true, "no_required_time_or_space_values_removed": true}, "validation": "PASS"}
RELEASED Q1
SOLVE Q23 N=3200 UTC=2026-09-10T16:21:03.601327+00:00
{"question": "Q23", "event_s": 206900.28702201758, "event_h": 57.47230195056044, "end_s": 206902.0, "elapsed_s": 82.39432490000036, "end_time_convention": "ceil(critical_event_s)+1: conservative post-crossing verification second; not claimed earliest integer second", "max_mass_balance_abs_kg_per_kg": 1.1546319456101628e-14, "min_C": 0.05265944808510597, "max_C": 2.550000000000001, "min_T_K": 301.15, "max_T_K": 323.18986600675885, "min_D": 3.124541898624993e-12, "max_D": 1.252185966946026e-08, "positive_properties": true, "max_radial_C_increase": 3.1086244689504383e-15, "final_max_C": 0.14999950103529133, "final_surface_C": 0.05265944808510597, "strictly_dry_at_end": true, "radius_end_m": 0.02, "radius_extrapolation_used": false, "rhs_evaluations": 32705, "accepted_time_points": 14283, "nfev": 32705, "njev": 618, "nlu": 3552, "solver_success": true, "dense_storage": "disk", "dense_coefficient_bytes": 3754872872, "dense_polynomial_count": 14280}
EXPORT Q2
PLOT Q2
{"question": "Q2", "export_size": {"workbook_bytes": 29210086, "workbook_MiB": 27.856908798217773, "unrounded_archive_bytes": 43018253, "warning_limit_bytes": 20000000, "workbook_exceeds_20_decimal_MB": true, "archive_is_internal_not_automatically_in_submission_zip": true, "complete_support_archive_still_requires_actual_size_check": true, "no_required_time_or_space_values_removed": true}, "validation": "PASS"}
EXPORT Q3
PLOT Q3
{"question": "Q3", "export_size": {"workbook_bytes": 339137, "workbook_MiB": 0.3234262466430664, "unrounded_archive_bytes": 640369, "warning_limit_bytes": 20000000, "workbook_exceeds_20_decimal_MB": false, "archive_is_internal_not_automatically_in_submission_zip": true, "complete_support_archive_still_requires_actual_size_check": true, "no_required_time_or_space_values_removed": true}, "validation": "PASS"}
RELEASED Q23
SOLVE Q4 N=6400 UTC=2026-09-10T16:28:35.645690+00:00
{"question": "Q4", "event_s": 183926.06923258994, "event_h": 51.09057478683054, "end_s": 183928.0, "elapsed_s": 164.5545338999982, "end_time_convention": "ceil(critical_event_s)+1: conservative post-crossing verification second; not claimed earliest integer second", "max_mass_balance_abs_kg_per_kg": 7.993605777301127e-15, "min_C": 0.05261996970729463, "max_C": 2.5500000000000025, "min_T_K": 301.15, "max_T_K": 323.2000976421016, "min_D": 9.398366254447737e-12, "max_D": 2.477122820067253e-09, "positive_properties": true, "max_radial_C_increase": 4.440892098500626e-15, "final_max_C": 0.14999900856092843, "final_surface_C": 0.052619969707294635, "strictly_dry_at_end": true, "radius_end_m": 0.012, "radius_extrapolation_used": false, "rhs_evaluations": 36934, "accepted_time_points": 15996, "nfev": 36934, "njev": 737, "nlu": 4099, "solver_success": true, "dense_storage": "disk", "dense_coefficient_bytes": 8327788168, "dense_polynomial_count": 15993}
EXPORT Q4
PLOT Q4
{"question": "Q4", "export_size": {"workbook_bytes": 278278, "workbook_MiB": 0.26538658142089844, "unrounded_archive_bytes": 402572, "warning_limit_bytes": 20000000, "workbook_exceeds_20_decimal_MB": false, "archive_is_internal_not_automatically_in_submission_zip": true, "complete_support_archive_still_requires_actual_size_check": true, "no_required_time_or_space_values_removed": true}, "validation": "PASS"}
RELEASED Q4
ALL_SOLVES_AND_REQUESTED_VALIDATIONS_COMPLETED
