{"event": "starting_case", "case": "nonlinear_Q1_N100", "elapsed_total_s": 0.6717489000000114}
{"event": "completed_case", "case": "nonlinear_Q1_N100", "elapsed_s": 2.6956361999999956, "paper_T_error": 7.864433223403466e-05, "dense_T_error": 7.864433223403466e-05, "dense_C_error": null}
{"event": "starting_case", "case": "nonlinear_Q1_N200", "elapsed_total_s": 3.571624899999989}
{"event": "completed_case", "case": "nonlinear_Q1_N200", "elapsed_s": 2.6622580000000085, "paper_T_error": 2.0798575690150756e-05, "dense_T_error": 2.0798575690150756e-05, "dense_C_error": null}
{"event": "starting_case", "case": "nonlinear_Q1_N400", "elapsed_total_s": 6.441177399999987}
{"event": "completed_case", "case": "nonlinear_Q1_N400", "elapsed_s": 3.5835962000000166, "paper_T_error": 5.856920779478969e-06, "dense_T_error": 5.856920779478969e-06, "dense_C_error": null}
{"event": "starting_case", "case": "frozen_D_N100", "elapsed_total_s": 10.339440800000006}
{"event": "completed_case", "case": "frozen_D_N100", "elapsed_s": 1.9518284000000108, "paper_T_error": 7.853836865479025e-05, "dense_T_error": 7.853836865479025e-05, "dense_C_error": 0.005154551248608197}
{"event": "starting_case", "case": "frozen_D_N400", "elapsed_total_s": 12.48851719999999}
{"event": "completed_case", "case": "frozen_D_N400", "elapsed_s": 3.3622571999999877, "paper_T_error": 5.687805412435409e-06, "dense_T_error": 5.687805412435409e-06, "dense_C_error": 0.0002875083008730961}
{"event": "starting_case", "case": "frozen_D_N800", "elapsed_total_s": 16.326182799999998}
{"event": "completed_case", "case": "frozen_D_N800", "elapsed_s": 4.523146699999984, "paper_T_error": 1.7066701616386126e-06, "dense_T_error": 1.980140552859666e-06, "dense_C_error": 7.158659870798445e-05}
{
  "status": "REVIEW_REQUIRED",
  "convergence": {
    "paper": {
      "heat_intervals": [
        100,
        200,
        400
      ],
      "heat_max_abs_errors_K": [
        7.864433223403466e-05,
        2.0798575690150756e-05,
        5.856920779478969e-06
      ],
      "heat_observed_orders": [
        1.9188580623894467,
        1.8282704485249428
      ],
      "water_intervals": [
        100,
        400
      ],
      "water_max_abs_errors_kg_per_kg": [
        0.001095305366672239,
        6.777100461308194e-05
      ],
      "water_observed_order_100_400": 2.0072605877863188,
      "both_refinements_reduce_heat_error": true,
      "water_refinement_reduces_error": true,
      "N400_heat_max_error_below_0_0001_K": true,
      "N400_frozen_water_max_error_below_0_0001": true,
      "N800_frozen_water_max_abs_error": 1.693382915579633e-05,
      "water_observed_order_400_800": 2.000759918604001
    },
    "dense": {
      "heat_intervals": [
        100,
        200,
        400
      ],
      "heat_max_abs_errors_K": [
        7.864433223403466e-05,
        2.0798575690150756e-05,
        5.856920779478969e-06
      ],
      "heat_observed_orders": [
        1.9188580623894467,
        1.8282704485249428
      ],
      "water_intervals": [
        100,
        400
      ],
      "water_max_abs_errors_kg_per_kg": [
        0.005154551248608197,
        0.0002875083008730961
      ],
      "water_observed_order_100_400": 2.082085659088355,
      "both_refinements_reduce_heat_error": true,
      "water_refinement_reduces_error": true,
      "N400_heat_max_error_below_0_0001_K": true,
      "N400_frozen_water_max_error_below_0_0001": false,
      "N800_frozen_water_max_abs_error": 7.158659870798445e-05,
      "water_observed_order_400_800": 2.005842170106053
    }
  },
  "total_elapsed_s": 26.398474499999992
}
