During startup - Warning messages:
1: Setting LC_COLLATE=C.UTF-8 failed 
2: Setting LC_CTYPE=C.UTF-8 failed 
3: Setting LC_MONETARY=C.UTF-8 failed 
4: Setting LC_TIME=C.UTF-8 failed 
[1] "LC_COLLATE=Chinese_China.utf8;LC_CTYPE=Chinese_China.utf8;LC_MONETARY=Chinese_China.utf8;LC_NUMERIC=C;LC_TIME=Chinese_China.utf8"
DATA CHECKS PASS: original endpoint / open platform / event values / six distinct radii / six N800 scenario points
            panel    data_min data_max axis_min axis_max all_data_in_range
             f1_T 28.00005330 36.78556   27.700  37.5000              TRUE
             f1_C  1.51023469  2.55000    1.450   2.6000              TRUE
             f2_T 28.00000000 50.24600   24.000  52.5000              TRUE
 f2_air_indicator  0.01963000  0.05025    0.018   0.0525              TRUE
             f3_T 28.00000000 50.03987   26.000  52.0000              TRUE
             f3_C  0.05265949  2.55000    0.000   2.6500              TRUE
    f4_C_log_axis  0.05265945  2.55000    0.040   3.0000              TRUE
  f4_delta_scaled -4.98964709  0.00000   -5.450   0.8000              TRUE
             f5_R  1.19800000  2.00000    1.160   2.0400              TRUE
    f5_C_log_axis  0.05262003  2.55000    0.040   3.0000              TRUE
          f6_time 51.09059916 65.44475   49.000  68.0000              TRUE
DATA RANGE CHECKS PASS: all 11 plotted data ranges fully visible
WROTE 图1_径向温度与含水率 PNG 300 dpi
WROTE 图2_环境观测与平台延拓 PNG 300 dpi
WROTE 图3_中心与表面热湿响应 PNG 300 dpi
WROTE 图4_全域达标与临界放大 PNG 300 dpi
WROTE 图5_收缩半径与域内含水率 PNG 300 dpi
WROTE 图6_经验边界阻力情景 PNG 300 dpi
                           metric         value
                     figure_count  6.000000e+00
                  input_csv_count  1.400000e+01
                  input_data_rows  4.627000e+03
           figure4_report_delta_s  3.529780e-01
 figure4_report_M_minus_threshold -1.028177e-07
    figure4_max_centre_difference  4.440892e-16
         figure4_saved_endpoint_h  5.747278e+01
                     new_pde_runs  0.000000e+00
R version 4.6.1 (2026-06-24 ucrt)
Platform: x86_64-w64-mingw32/x64
Running under: Windows 11 x64 (build 26200)

Matrix products: default
  LAPACK version 3.12.1

locale:
[1] LC_COLLATE=Chinese_China.utf8  LC_CTYPE=Chinese_China.utf8   
[3] LC_MONETARY=Chinese_China.utf8 LC_NUMERIC=C                  
[5] LC_TIME=Chinese_China.utf8    

time zone: Asia/Shanghai
tzcode source: internal

attached base packages:
[1] stats     graphics  grDevices utils     datasets  methods   base     

loaded via a namespace (and not attached):
[1] compiler_4.6.1
DONE. Six PNG figures generated from the supplied CSV data.
